ERROR MESSAGES:
 [] ERROR URLS:
 []
ERROR MESSAGES:
 [ElementClickInterceptedException(), ElementClickInterceptedException(), ElementClickInterceptedException(), ElementClickInterceptedException(), ElementClickInterceptedException(), ElementClickInterceptedException(), ElementClickInterceptedException()] 
ERROR URLS:
 ['https://www.imdb.com/chart/top/', 'https://www.imdb.com/chart/top/', 'https://www.imdb.com/chart/top/', 'https://www.imdb.com/chart/top/', 'https://www.imdb.com/chart/top/', 'https://www.imdb.com/chart/top/', 'https://www.imdb.com/chart/top/']
ERROR MESSAGES:
 [] 
ERROR URLS:
 []
ERROR MESSAGES:
 [] 
ERROR URLS:
 []
ERROR MESSAGES:
 [WebDriverException(), WebDriverException(), WebDriverException(), WebDriverException(), WebDriverException(), WebDriverException(), WebDriverException(), WebDriverException(), WebDriverException(), NameError("name 'dialog' is not defined"), WebDriverException(), WebDriverException(), WebDriverException(), WebDriverException(), WebDriverException(), WebDriverException(), WebDriverException(), WebDriverException(), WebDriverException(), WebDriverException(), WebDriverException(), WebDriverException(), WebDriverException(), WebDriverException(), WebDriverException(), WebDriverException(), WebDriverException(), WebDriverException(), WebDriverException(), WebDriverException(), WebDriverException(), WebDriverException(), WebDriverException(), WebDriverException(), WebDriverException(), WebDriverException(), WebDriverException(), WebDriverException(), WebDriverException(), WebDriverException(), WebDriverException(), WebDriverException(), WebDriverException(), WebDriverException(), WebDriverException(), WebDriverException(), WebDriverException(), WebDriverException(), WebDriverException(), WebDriverException(), WebDriverException(), WebDriverException(), WebDriverException(), WebDriverException(), WebDriverException(), WebDriverException(), WebDriverException(), WebDriverException(), WebDriverException(), WebDriverException(), WebDriverException(), WebDriverException(), WebDriverException(), WebDriverException(), WebDriverException(), WebDriverException(), WebDriverException(), WebDriverException(), WebDriverException(), WebDriverException(), WebDriverException(), WebDriverException(), WebDriverException(), WebDriverException(), WebDriverException(), WebDriverException(), WebDriverException(), WebDriverException(), WebDriverException(), WebDriverException(), WebDriverException(), WebDriverException(), WebDriverException(), WebDriverException(), WebDriverException(), WebDriverException(), WebDriverException(), WebDriverException(), WebDriverException(), WebDriverException(), WebDriverException(), WebDriverException(), WebDriverException(), WebDriverException(), WebDriverException(), WebDriverException(), WebDriverException(), WebDriverException(), WebDriverException(), WebDriverException(), WebDriverException(), WebDriverException(), WebDriverException(), WebDriverException(), WebDriverException(), WebDriverException(), WebDriverException(), WebDriverException(), WebDriverException(), WebDriverException(), WebDriverException(), WebDriverException(), WebDriverException(), WebDriverException(), WebDriverException(), WebDriverException(), WebDriverException(), WebDriverException(), WebDriverException(), WebDriverException(), WebDriverException(), WebDriverException(), WebDriverException(), WebDriverException(), WebDriverException(), WebDriverException(), WebDriverException(), WebDriverException(), WebDriverException(), WebDriverException(), WebDriverException(), WebDriverException(), WebDriverException(), WebDriverException(), WebDriverException(), WebDriverException(), WebDriverException(), WebDriverException(), WebDriverException(), WebDriverException(), WebDriverException(), WebDriverException(), WebDriverException(), WebDriverException(), WebDriverException(), WebDriverException(), WebDriverException(), WebDriverException(), WebDriverException(), WebDriverException(), WebDriverException(), WebDriverException(), WebDriverException(), WebDriverException(), WebDriverException(), WebDriverException(), WebDriverException(), WebDriverException(), WebDriverException(), WebDriverException(), WebDriverException(), WebDriverException(), WebDriverException(), WebDriverException(), WebDriverException(), WebDriverException(), WebDriverException(), WebDriverException(), WebDriverException(), WebDriverException(), WebDriverException(), WebDriverException(), WebDriverException(), WebDriverException(), WebDriverException(), WebDriverException(), WebDriverException(), WebDriverException(), WebDriverException(), WebDriverException(), WebDriverException(), WebDriverException(), WebDriverException(), WebDriverException(), WebDriverException(), WebDriverException(), WebDriverException(), WebDriverException(), WebDriverException(), WebDriverException(), WebDriverException(), WebDriverException(), WebDriverException(), WebDriverException(), WebDriverException(), WebDriverException(), WebDriverException(), WebDriverException(), WebDriverException(), WebDriverException(), WebDriverException(), WebDriverException(), WebDriverException(), WebDriverException(), WebDriverException(), WebDriverException(), WebDriverException(), WebDriverException(), WebDriverException(), WebDriverException(), WebDriverException(), WebDriverException(), WebDriverException(), WebDriverException(), WebDriverException(), WebDriverException(), WebDriverException(), WebDriverException(), WebDriverException(), WebDriverException(), WebDriverException(), WebDriverException(), WebDriverException(), WebDriverException(), WebDriverException(), WebDriverException(), WebDriverException(), WebDriverException(), WebDriverException(), WebDriverException(), WebDriverException(), WebDriverException(), WebDriverException(), WebDriverException(), WebDriverException(), WebDriverException(), WebDriverException(), WebDriverException(), WebDriverException(), WebDriverException(), WebDriverException(), WebDriverException(), WebDriverException(), WebDriverException(), WebDriverException(), WebDriverException(), WebDriverException(), WebDriverException(), WebDriverException(), WebDriverException(), WebDriverException(), WebDriverException(), WebDriverException(), WebDriverException(), WebDriverException(), WebDriverException(), WebDriverException(), WebDriverException(), WebDriverException()] 
ERROR URLS:
 ['https://www.imdb.com/chart/top/', 'https://www.imdb.com/chart/top/', 'https://www.imdb.com/chart/top/', 'https://www.imdb.com/chart/top/', 'https://www.imdb.com/chart/top/', 'https://www.imdb.com/chart/top/', 'https://www.imdb.com/chart/top/', 'https://www.imdb.com/chart/top/', 'https://www.imdb.com/chart/top/', 'https://www.imdb.com/chart/top/', 'https://www.imdb.com/chart/top/', 'https://www.imdb.com/chart/top/', 'https://www.imdb.com/chart/top/', 'https://www.imdb.com/chart/top/', 'https://www.imdb.com/chart/top/', 'https://www.imdb.com/chart/top/', 'https://www.imdb.com/chart/top/', 'https://www.imdb.com/chart/top/', 'https://www.imdb.com/chart/top/', 'https://www.imdb.com/chart/top/', 'https://www.imdb.com/chart/top/', 'https://www.imdb.com/chart/top/', 'https://www.imdb.com/chart/top/', 'https://www.imdb.com/chart/top/', 'https://www.imdb.com/chart/top/', 'https://www.imdb.com/chart/top/', 'https://www.imdb.com/chart/top/', 'https://www.imdb.com/chart/top/', 'https://www.imdb.com/chart/top/', 'https://www.imdb.com/chart/top/', 'https://www.imdb.com/chart/top/', 'https://www.imdb.com/chart/top/', 'https://www.imdb.com/chart/top/', 'https://www.imdb.com/chart/top/', 'https://www.imdb.com/chart/top/', 'https://www.imdb.com/chart/top/', 'https://www.imdb.com/chart/top/', 'https://www.imdb.com/chart/top/', 'https://www.imdb.com/chart/top/', 'https://www.imdb.com/chart/top/', 'https://www.imdb.com/chart/top/', 'https://www.imdb.com/chart/top/', 'https://www.imdb.com/chart/top/', 'https://www.imdb.com/chart/top/', 'https://www.imdb.com/chart/top/', 'https://www.imdb.com/chart/top/', 'https://www.imdb.com/chart/top/', 'https://www.imdb.com/chart/top/', 'https://www.imdb.com/chart/top/', 'https://www.imdb.com/chart/top/', 'https://www.imdb.com/chart/top/', 'https://www.imdb.com/chart/top/', 'https://www.imdb.com/chart/top/', 'https://www.imdb.com/chart/top/', 'https://www.imdb.com/chart/top/', 'https://www.imdb.com/chart/top/', 'https://www.imdb.com/chart/top/', 'https://www.imdb.com/chart/top/', 'https://www.imdb.com/chart/top/', 'https://www.imdb.com/chart/top/', 'https://www.imdb.com/chart/top/', 'https://www.imdb.com/chart/top/', 'https://www.imdb.com/chart/top/', 'https://www.imdb.com/chart/top/', 'https://www.imdb.com/chart/top/', 'https://www.imdb.com/chart/top/', 'https://www.imdb.com/chart/top/', 'https://www.imdb.com/chart/top/', 'https://www.imdb.com/chart/top/', 'https://www.imdb.com/chart/top/', 'https://www.imdb.com/chart/top/', 'https://www.imdb.com/chart/top/', 'https://www.imdb.com/chart/top/', 'https://www.imdb.com/chart/top/', 'https://www.imdb.com/chart/top/', 'https://www.imdb.com/chart/top/', 'https://www.imdb.com/chart/top/', 'https://www.imdb.com/chart/top/', 'https://www.imdb.com/chart/top/', 'https://www.imdb.com/chart/top/', 'https://www.imdb.com/chart/top/', 'https://www.imdb.com/chart/top/', 'https://www.imdb.com/chart/top/', 'https://www.imdb.com/chart/top/', 'https://www.imdb.com/chart/top/', 'https://www.imdb.com/chart/top/', 'https://www.imdb.com/chart/top/', 'https://www.imdb.com/chart/top/', 'https://www.imdb.com/chart/top/', 'https://www.imdb.com/chart/top/', 'https://www.imdb.com/chart/top/', 'https://www.imdb.com/chart/top/', 'https://www.imdb.com/chart/top/', 'https://www.imdb.com/chart/top/', 'https://www.imdb.com/chart/top/', 'https://www.imdb.com/chart/top/', 'https://www.imdb.com/chart/top/', 'https://www.imdb.com/chart/top/', 'https://www.imdb.com/chart/top/', 'https://www.imdb.com/chart/top/', 'https://www.imdb.com/chart/top/', 'https://www.imdb.com/chart/top/', 'https://www.imdb.com/chart/top/', 'https://www.imdb.com/chart/top/', 'https://www.imdb.com/chart/top/', 'https://www.imdb.com/chart/top/', 'https://www.imdb.com/chart/top/', 'https://www.imdb.com/chart/top/', 'https://www.imdb.com/chart/top/', 'https://www.imdb.com/chart/top/', 'https://www.imdb.com/chart/top/', 'https://www.imdb.com/chart/top/', 'https://www.imdb.com/chart/top/', 'https://www.imdb.com/chart/top/', 'https://www.imdb.com/chart/top/', 'https://www.imdb.com/chart/top/', 'https://www.imdb.com/chart/top/', 'https://www.imdb.com/chart/top/', 'https://www.imdb.com/chart/top/', 'https://www.imdb.com/chart/top/', 'https://www.imdb.com/chart/top/', 'https://www.imdb.com/chart/top/', 'https://www.imdb.com/chart/top/', 'https://www.imdb.com/chart/top/', 'https://www.imdb.com/chart/top/', 'https://www.imdb.com/chart/top/', 'https://www.imdb.com/chart/top/', 'https://www.imdb.com/chart/top/', 'https://www.imdb.com/chart/top/', 'https://www.imdb.com/chart/top/', 'https://www.imdb.com/chart/top/', 'https://www.imdb.com/chart/top/', 'https://www.imdb.com/chart/top/', 'https://www.imdb.com/chart/top/', 'https://www.imdb.com/chart/top/', 'https://www.imdb.com/chart/top/', 'https://www.imdb.com/chart/top/', 'https://www.imdb.com/chart/top/', 'https://www.imdb.com/chart/top/', 'https://www.imdb.com/chart/top/', 'https://www.imdb.com/chart/top/', 'https://www.imdb.com/chart/top/', 'https://www.imdb.com/chart/top/', 'https://www.imdb.com/chart/top/', 'https://www.imdb.com/chart/top/', 'https://www.imdb.com/chart/top/', 'https://www.imdb.com/chart/top/', 'https://www.imdb.com/chart/top/', 'https://www.imdb.com/chart/top/', 'https://www.imdb.com/chart/top/', 'https://www.imdb.com/chart/top/', 'https://www.imdb.com/chart/top/', 'https://www.imdb.com/chart/top/', 'https://www.imdb.com/chart/top/', 'https://www.imdb.com/chart/top/', 'https://www.imdb.com/chart/top/', 'https://www.imdb.com/chart/top/', 'https://www.imdb.com/chart/top/', 'https://www.imdb.com/chart/top/', 'https://www.imdb.com/chart/top/', 'https://www.imdb.com/chart/top/', 'https://www.imdb.com/chart/top/', 'https://www.imdb.com/chart/top/', 'https://www.imdb.com/chart/top/', 'https://www.imdb.com/chart/top/', 'https://www.imdb.com/chart/top/', 'https://www.imdb.com/chart/top/', 'https://www.imdb.com/chart/top/', 'https://www.imdb.com/chart/top/', 'https://www.imdb.com/chart/top/', 'https://www.imdb.com/chart/top/', 'https://www.imdb.com/chart/top/', 'https://www.imdb.com/chart/top/', 'https://www.imdb.com/chart/top/', 'https://www.imdb.com/chart/top/', 'https://www.imdb.com/chart/top/', 'https://www.imdb.com/chart/top/', 'https://www.imdb.com/chart/top/', 'https://www.imdb.com/chart/top/', 'https://www.imdb.com/chart/top/', 'https://www.imdb.com/chart/top/', 'https://www.imdb.com/chart/top/', 'https://www.imdb.com/chart/top/', 'https://www.imdb.com/chart/top/', 'https://www.imdb.com/chart/top/', 'https://www.imdb.com/chart/top/', 'https://www.imdb.com/chart/top/', 'https://www.imdb.com/chart/top/', 'https://www.imdb.com/chart/top/', 'https://www.imdb.com/chart/top/', 'https://www.imdb.com/chart/top/', 'https://www.imdb.com/chart/top/', 'https://www.imdb.com/chart/top/', 'https://www.imdb.com/chart/top/', 'https://www.imdb.com/chart/top/', 'https://www.imdb.com/chart/top/', 'https://www.imdb.com/chart/top/', 'https://www.imdb.com/chart/top/', 'https://www.imdb.com/chart/top/', 'https://www.imdb.com/chart/top/', 'https://www.imdb.com/chart/top/', 'https://www.imdb.com/chart/top/', 'https://www.imdb.com/chart/top/', 'https://www.imdb.com/chart/top/', 'https://www.imdb.com/chart/top/', 'https://www.imdb.com/chart/top/', 'https://www.imdb.com/chart/top/', 'https://www.imdb.com/chart/top/', 'https://www.imdb.com/chart/top/', 'https://www.imdb.com/chart/top/', 'https://www.imdb.com/chart/top/', 'https://www.imdb.com/chart/top/', 'https://www.imdb.com/chart/top/', 'https://www.imdb.com/chart/top/', 'https://www.imdb.com/chart/top/', 'https://www.imdb.com/chart/top/', 'https://www.imdb.com/chart/top/', 'https://www.imdb.com/chart/top/', 'https://www.imdb.com/chart/top/', 'https://www.imdb.com/chart/top/', 'https://www.imdb.com/chart/top/', 'https://www.imdb.com/chart/top/', 'https://www.imdb.com/chart/top/', 'https://www.imdb.com/chart/top/', 'https://www.imdb.com/chart/top/', 'https://www.imdb.com/chart/top/', 'https://www.imdb.com/chart/top/', 'https://www.imdb.com/chart/top/', 'https://www.imdb.com/chart/top/', 'https://www.imdb.com/chart/top/', 'https://www.imdb.com/chart/top/', 'https://www.imdb.com/chart/top/', 'https://www.imdb.com/chart/top/', 'https://www.imdb.com/chart/top/', 'https://www.imdb.com/chart/top/', 'https://www.imdb.com/chart/top/', 'https://www.imdb.com/chart/top/', 'https://www.imdb.com/chart/top/', 'https://www.imdb.com/chart/top/', 'https://www.imdb.com/chart/top/', 'https://www.imdb.com/chart/top/', 'https://www.imdb.com/chart/top/', 'https://www.imdb.com/chart/top/', 'https://www.imdb.com/chart/top/', 'https://www.imdb.com/chart/top/', 'https://www.imdb.com/chart/top/', 'https://www.imdb.com/chart/top/', 'https://www.imdb.com/chart/top/', 'https://www.imdb.com/chart/top/', 'https://www.imdb.com/chart/top/', 'https://www.imdb.com/chart/top/', 'https://www.imdb.com/chart/top/', 'https://www.imdb.com/chart/top/', 'https://www.imdb.com/chart/top/', 'https://www.imdb.com/chart/top/', 'https://www.imdb.com/chart/top/', 'https://www.imdb.com/chart/top/', 'https://www.imdb.com/chart/top/', 'https://www.imdb.com/chart/top/']
ERROR MESSAGES:
 [] 
ERROR URLS:
 []
ERROR MESSAGES:
 [] 
ERROR URLS:
 []
ERROR MESSAGES:
 [] 
ERROR URLS:
 []
ERROR MESSAGES:
 [NoSuchWindowException(), NoSuchWindowException(), NoSuchWindowException(), NoSuchWindowException(), NoSuchWindowException(), NoSuchWindowException(), NoSuchWindowException(), NoSuchWindowException(), NoSuchWindowException(), NoSuchWindowException(), NoSuchWindowException(), NoSuchWindowException(), NoSuchWindowException(), NoSuchWindowException(), NoSuchWindowException(), NoSuchWindowException(), NoSuchWindowException(), NoSuchWindowException(), NoSuchWindowException(), NoSuchWindowException(), NoSuchWindowException(), NoSuchWindowException(), NoSuchWindowException(), NoSuchWindowException(), NoSuchWindowException(), NoSuchWindowException(), NoSuchWindowException(), NoSuchWindowException(), NoSuchWindowException(), NoSuchWindowException(), NoSuchWindowException(), NoSuchWindowException(), NoSuchWindowException(), NoSuchWindowException(), NoSuchWindowException(), NoSuchWindowException(), NoSuchWindowException(), NoSuchWindowException(), NoSuchWindowException(), NoSuchWindowException(), NoSuchWindowException(), NoSuchWindowException(), NoSuchWindowException(), NoSuchWindowException(), NoSuchWindowException(), NoSuchWindowException(), NoSuchWindowException(), NoSuchWindowException(), NoSuchWindowException(), NoSuchWindowException(), NoSuchWindowException(), NoSuchWindowException(), NoSuchWindowException(), NoSuchWindowException(), NoSuchWindowException(), NoSuchWindowException(), NoSuchWindowException(), NoSuchWindowException(), NoSuchWindowException(), NoSuchWindowException(), NoSuchWindowException(), NoSuchWindowException(), NoSuchWindowException(), NoSuchWindowException(), NoSuchWindowException(), NoSuchWindowException(), NoSuchWindowException(), NoSuchWindowException(), NoSuchWindowException(), NoSuchWindowException(), NoSuchWindowException(), NoSuchWindowException(), NoSuchWindowException(), NoSuchWindowException(), NoSuchWindowException(), NoSuchWindowException(), NoSuchWindowException(), NoSuchWindowException(), NoSuchWindowException(), NoSuchWindowException(), NoSuchWindowException(), NoSuchWindowException(), NoSuchWindowException(), NoSuchWindowException(), NoSuchWindowException(), NoSuchWindowException(), NoSuchWindowException(), NoSuchWindowException(), NoSuchWindowException(), NoSuchWindowException(), NoSuchWindowException(), NoSuchWindowException(), NoSuchWindowException(), NoSuchWindowException(), NoSuchWindowException(), NoSuchWindowException(), NoSuchWindowException(), NoSuchWindowException(), NoSuchWindowException(), NoSuchWindowException(), NoSuchWindowException(), NoSuchWindowException(), NoSuchWindowException(), NoSuchWindowException(), NoSuchWindowException(), NoSuchWindowException(), NoSuchWindowException(), NoSuchWindowException(), NoSuchWindowException(), NoSuchWindowException(), NoSuchWindowException(), NoSuchWindowException(), NoSuchWindowException(), NoSuchWindowException(), NoSuchWindowException(), NoSuchWindowException(), NoSuchWindowException(), NoSuchWindowException(), NoSuchWindowException(), NoSuchWindowException(), NoSuchWindowException(), NoSuchWindowException(), NoSuchWindowException(), NoSuchWindowException(), NoSuchWindowException(), NoSuchWindowException(), NoSuchWindowException(), NoSuchWindowException(), NoSuchWindowException(), NoSuchWindowException(), NoSuchWindowException(), NoSuchWindowException(), NoSuchWindowException(), NoSuchWindowException(), NoSuchWindowException(), NoSuchWindowException(), NoSuchWindowException(), NoSuchWindowException(), NoSuchWindowException(), NoSuchWindowException(), NoSuchWindowException(), NoSuchWindowException(), NoSuchWindowException(), NoSuchWindowException(), NoSuchWindowException(), NoSuchWindowException(), NoSuchWindowException(), NoSuchWindowException(), NoSuchWindowException(), NoSuchWindowException(), NoSuchWindowException(), NoSuchWindowException(), NoSuchWindowException(), NoSuchWindowException(), NoSuchWindowException(), NoSuchWindowException(), NoSuchWindowException(), NoSuchWindowException(), NoSuchWindowException(), NoSuchWindowException(), NoSuchWindowException(), NoSuchWindowException(), NoSuchWindowException(), NoSuchWindowException(), NoSuchWindowException(), NoSuchWindowException(), NoSuchWindowException(), NoSuchWindowException(), NoSuchWindowException(), NoSuchWindowException(), NoSuchWindowException(), NoSuchWindowException(), NoSuchWindowException(), NoSuchWindowException(), NoSuchWindowException(), NoSuchWindowException(), NoSuchWindowException(), NoSuchWindowException(), NoSuchWindowException(), NoSuchWindowException()] 
ERROR URLS:
 ['https://www.imdb.com/chart/top/', 'https://www.imdb.com/chart/top/', 'https://www.imdb.com/chart/top/', 'https://www.imdb.com/chart/top/', 'https://www.imdb.com/chart/top/', 'https://www.imdb.com/chart/top/', 'https://www.imdb.com/chart/top/', 'https://www.imdb.com/chart/top/', 'https://www.imdb.com/chart/top/', 'https://www.imdb.com/chart/top/', 'https://www.imdb.com/chart/top/', 'https://www.imdb.com/chart/top/', 'https://www.imdb.com/chart/top/', 'https://www.imdb.com/chart/top/', 'https://www.imdb.com/chart/top/', 'https://www.imdb.com/chart/top/', 'https://www.imdb.com/chart/top/', 'https://www.imdb.com/chart/top/', 'https://www.imdb.com/chart/top/', 'https://www.imdb.com/chart/top/', 'https://www.imdb.com/chart/top/', 'https://www.imdb.com/chart/top/', 'https://www.imdb.com/chart/top/', 'https://www.imdb.com/chart/top/', 'https://www.imdb.com/chart/top/', 'https://www.imdb.com/chart/top/', 'https://www.imdb.com/chart/top/', 'https://www.imdb.com/chart/top/', 'https://www.imdb.com/chart/top/', 'https://www.imdb.com/chart/top/', 'https://www.imdb.com/chart/top/', 'https://www.imdb.com/chart/top/', 'https://www.imdb.com/chart/top/', 'https://www.imdb.com/chart/top/', 'https://www.imdb.com/chart/top/', 'https://www.imdb.com/chart/top/', 'https://www.imdb.com/chart/top/', 'https://www.imdb.com/chart/top/', 'https://www.imdb.com/chart/top/', 'https://www.imdb.com/chart/top/', 'https://www.imdb.com/chart/top/', 'https://www.imdb.com/chart/top/', 'https://www.imdb.com/chart/top/', 'https://www.imdb.com/chart/top/', 'https://www.imdb.com/chart/top/', 'https://www.imdb.com/chart/top/', 'https://www.imdb.com/chart/top/', 'https://www.imdb.com/chart/top/', 'https://www.imdb.com/chart/top/', 'https://www.imdb.com/chart/top/', 'https://www.imdb.com/chart/top/', 'https://www.imdb.com/chart/top/', 'https://www.imdb.com/chart/top/', 'https://www.imdb.com/chart/top/', 'https://www.imdb.com/chart/top/', 'https://www.imdb.com/chart/top/', 'https://www.imdb.com/chart/top/', 'https://www.imdb.com/chart/top/', 'https://www.imdb.com/chart/top/', 'https://www.imdb.com/chart/top/', 'https://www.imdb.com/chart/top/', 'https://www.imdb.com/chart/top/', 'https://www.imdb.com/chart/top/', 'https://www.imdb.com/chart/top/', 'https://www.imdb.com/chart/top/', 'https://www.imdb.com/chart/top/', 'https://www.imdb.com/chart/top/', 'https://www.imdb.com/chart/top/', 'https://www.imdb.com/chart/top/', 'https://www.imdb.com/chart/top/', 'https://www.imdb.com/chart/top/', 'https://www.imdb.com/chart/top/', 'https://www.imdb.com/chart/top/', 'https://www.imdb.com/chart/top/', 'https://www.imdb.com/chart/top/', 'https://www.imdb.com/chart/top/', 'https://www.imdb.com/chart/top/', 'https://www.imdb.com/chart/top/', 'https://www.imdb.com/chart/top/', 'https://www.imdb.com/chart/top/', 'https://www.imdb.com/chart/top/', 'https://www.imdb.com/chart/top/', 'https://www.imdb.com/chart/top/', 'https://www.imdb.com/chart/top/', 'https://www.imdb.com/chart/top/', 'https://www.imdb.com/chart/top/', 'https://www.imdb.com/chart/top/', 'https://www.imdb.com/chart/top/', 'https://www.imdb.com/chart/top/', 'https://www.imdb.com/chart/top/', 'https://www.imdb.com/chart/top/', 'https://www.imdb.com/chart/top/', 'https://www.imdb.com/chart/top/', 'https://www.imdb.com/chart/top/', 'https://www.imdb.com/chart/top/', 'https://www.imdb.com/chart/top/', 'https://www.imdb.com/chart/top/', 'https://www.imdb.com/chart/top/', 'https://www.imdb.com/chart/top/', 'https://www.imdb.com/chart/top/', 'https://www.imdb.com/chart/top/', 'https://www.imdb.com/chart/top/', 'https://www.imdb.com/chart/top/', 'https://www.imdb.com/chart/top/', 'https://www.imdb.com/chart/top/', 'https://www.imdb.com/chart/top/', 'https://www.imdb.com/chart/top/', 'https://www.imdb.com/chart/top/', 'https://www.imdb.com/chart/top/', 'https://www.imdb.com/chart/top/', 'https://www.imdb.com/chart/top/', 'https://www.imdb.com/chart/top/', 'https://www.imdb.com/chart/top/', 'https://www.imdb.com/chart/top/', 'https://www.imdb.com/chart/top/', 'https://www.imdb.com/chart/top/', 'https://www.imdb.com/chart/top/', 'https://www.imdb.com/chart/top/', 'https://www.imdb.com/chart/top/', 'https://www.imdb.com/chart/top/', 'https://www.imdb.com/chart/top/', 'https://www.imdb.com/chart/top/', 'https://www.imdb.com/chart/top/', 'https://www.imdb.com/chart/top/', 'https://www.imdb.com/chart/top/', 'https://www.imdb.com/chart/top/', 'https://www.imdb.com/chart/top/', 'https://www.imdb.com/chart/top/', 'https://www.imdb.com/chart/top/', 'https://www.imdb.com/chart/top/', 'https://www.imdb.com/chart/top/', 'https://www.imdb.com/chart/top/', 'https://www.imdb.com/chart/top/', 'https://www.imdb.com/chart/top/', 'https://www.imdb.com/chart/top/', 'https://www.imdb.com/chart/top/', 'https://www.imdb.com/chart/top/', 'https://www.imdb.com/chart/top/', 'https://www.imdb.com/chart/top/', 'https://www.imdb.com/chart/top/', 'https://www.imdb.com/chart/top/', 'https://www.imdb.com/chart/top/', 'https://www.imdb.com/chart/top/', 'https://www.imdb.com/chart/top/', 'https://www.imdb.com/chart/top/', 'https://www.imdb.com/chart/top/', 'https://www.imdb.com/chart/top/', 'https://www.imdb.com/chart/top/', 'https://www.imdb.com/chart/top/', 'https://www.imdb.com/chart/top/', 'https://www.imdb.com/chart/top/', 'https://www.imdb.com/chart/top/', 'https://www.imdb.com/chart/top/', 'https://www.imdb.com/chart/top/', 'https://www.imdb.com/chart/top/', 'https://www.imdb.com/chart/top/', 'https://www.imdb.com/chart/top/', 'https://www.imdb.com/chart/top/', 'https://www.imdb.com/chart/top/', 'https://www.imdb.com/chart/top/', 'https://www.imdb.com/chart/top/', 'https://www.imdb.com/chart/top/', 'https://www.imdb.com/chart/top/', 'https://www.imdb.com/chart/top/', 'https://www.imdb.com/chart/top/', 'https://www.imdb.com/chart/top/', 'https://www.imdb.com/chart/top/', 'https://www.imdb.com/chart/top/', 'https://www.imdb.com/chart/top/', 'https://www.imdb.com/chart/top/', 'https://www.imdb.com/chart/top/', 'https://www.imdb.com/chart/top/', 'https://www.imdb.com/chart/top/', 'https://www.imdb.com/chart/top/', 'https://www.imdb.com/chart/top/', 'https://www.imdb.com/chart/top/', 'https://www.imdb.com/chart/top/', 'https://www.imdb.com/chart/top/', 'https://www.imdb.com/chart/top/', 'https://www.imdb.com/chart/top/']
ERROR MESSAGES:
 [] 
ERROR URLS:
 []
ERROR MESSAGES:
 [] 
ERROR URLS:
 []
